// Jest Snapshot v1, https://goo.gl/fbAQLP

exports[`OrganizationMembership has the same initial properties 1`] = `
OrganizationMembershipRequest {
  "accept": [Function],
  "createdAt": 1970-01-01T00:00:12.345Z,
  "id": "test_id",
  "organizationId": "test_org_id",
  "pathRoot": "",
  "publicUserData": {
    "firstName": "test_first_name",
    "hasImage": true,
    "identifier": "test@identifier.gr",
    "imageUrl": "https://clerk.com",
    "lastName": "test_last_name",
    "profileImageUrl": "test_url",
    "userId": undefined,
  },
  "status": "pending",
  "updatedAt": 1970-01-01T00:00:05.678Z,
}
`;
