// Jest Snapshot v1, https://goo.gl/fbAQLP

exports[`OrganizationMembership has the same initial properties 1`] = `
OrganizationMembership {
  "createdAt": 1970-01-01T00:00:12.345Z,
  "destroy": [Function],
  "id": "test_id",
  "organization": Organization {
    "addMember": [Function],
    "adminDeleteEnabled": true,
    "createdAt": 1970-01-01T00:00:12.345Z,
    "destroy": [Function],
    "getMemberships": [Function],
    "getPendingInvitations": [Function],
    "id": "test_org_id",
    "imageUrl": "https://clerk.com",
    "inviteMember": [Function],
    "inviteMembers": [Function],
    "logoUrl": "https://path-to-logo.png",
    "maxAllowedMemberships": 3,
    "membersCount": 1,
    "name": "test_name",
    "pathRoot": "/organizations",
    "pendingInvitationsCount": 10,
    "publicMetadata": {
      "public": "metadata",
    },
    "removeMember": [Function],
    "setLogo": [Function],
    "slug": "test_slug",
    "update": [Function],
    "updateMember": [Function],
    "updatedAt": 1970-01-01T00:01:07.890Z,
  },
  "pathRoot": "",
  "publicMetadata": {
    "foo": "bar",
  },
  "publicUserData": {
    "firstName": "test_first_name",
    "identifier": "test@identifier.gr",
    "imageUrl": "https://clerk.com",
    "lastName": "test_last_name",
    "profileImageUrl": "test_url",
    "userId": undefined,
  },
  "role": "admin",
  "update": [Function],
  "updatedAt": 1970-01-01T00:00:05.678Z,
}
`;
