// Jest Snapshot v1, https://goo.gl/fbAQLP

exports[`Organization has the same initial properties 1`] = `
Organization {
  "addMember": [Function],
  "adminDeleteEnabled": true,
  "createdAt": 1970-01-01T00:00:12.345Z,
  "destroy": [Function],
  "getMemberships": [Function],
  "getPendingInvitations": [Function],
  "id": "test_id",
  "imageUrl": "https://clerk.com",
  "inviteMember": [Function],
  "inviteMembers": [Function],
  "logoUrl": "https://url-for-logo.png",
  "maxAllowedMemberships": 3,
  "membersCount": 1,
  "name": "test_name",
  "pathRoot": "/organizations",
  "pendingInvitationsCount": 10,
  "publicMetadata": {
    "public": "metadata",
  },
  "removeMember": [Function],
  "setLogo": [Function],
  "slug": "test_slug",
  "update": [Function],
  "updateMember": [Function],
  "updatedAt": 1970-01-01T00:00:05.678Z,
}
`;
