// Jest Snapshot v1, https://goo.gl/fbAQLP

exports[`Session getToken() dispatches token:update event on getToken 1`] = `
[
  "token:update",
  {
    "token": Token {
      "getRawString": [Function],
      "jwt": {
        "claims": {
          "__raw": "eyJhbGciOiJSUzI1NiIsImtpZCI6Imluc18yR0lvUWhiVXB5MGhYN0IyY1ZrdVRNaW5Yb0QiLCJ0eXAiOiJKV1QifQ.eyJhenAiOiJodHRwczovL2FjY291bnRzLmluc3BpcmVkLnB1bWEtNzQubGNsLmRldiIsImV4cCI6MTY2NjY0ODMxMCwiaWF0IjoxNjY2NjQ4MjUwLCJpc3MiOiJodHRwczovL2NsZXJrLmluc3BpcmVkLnB1bWEtNzQubGNsLmRldiIsIm5iZiI6MTY2NjY0ODI0MCwic2lkIjoic2Vzc18yR2JEQjRlbk5kQ2E1dlMxenBDM1h6Zzl0SzkiLCJzdWIiOiJ1c2VyXzJHSXBYT0VwVnlKdzUxcmtabjlLbW5jNlN4ciJ9.n1Usc-DLDftqA0Xb-_2w8IGs4yjCmwc5RngwbSRvwevuZOIuRoeHmE2sgCdEvjfJEa7ewL6EVGVcM557TWPW--g_J1XQPwBy8tXfz7-S73CEuyRFiR97L2AHRdvRtvGtwR-o6l8aHaFxtlmfWbQXfg4kFJz2UGe9afmh3U9-f_4JOZ5fa3mI98UMy1-bo20vjXeWQ9aGrqaxHQxjnzzC-1Kpi5LdPvhQ16H0dPB8MHRTSM5TAuLKTpPV7wqixmbtcc2-0k6b9FKYZNqRVTaIyV-lifZloBvdzlfOF8nW1VVH_fx-iW5Q3hovHFcJIULHEC1kcAYTubbxzpgeVQepGg",
          "azp": "https://accounts.inspired.puma-74.lcl.dev",
          "exp": 1666648310,
          "iat": 1666648250,
          "iss": "https://clerk.inspired.puma-74.lcl.dev",
          "nbf": 1666648240,
          "sid": "sess_2GbDB4enNdCa5vS1zpC3Xzg9tK9",
          "sub": "user_2GIpXOEpVyJw51rkZn9Kmnc6Sxr",
        },
        "encoded": {
          "header": "eyJhbGciOiJSUzI1NiIsImtpZCI6Imluc18yR0lvUWhiVXB5MGhYN0IyY1ZrdVRNaW5Yb0QiLCJ0eXAiOiJKV1QifQ",
          "payload": "eyJhenAiOiJodHRwczovL2FjY291bnRzLmluc3BpcmVkLnB1bWEtNzQubGNsLmRldiIsImV4cCI6MTY2NjY0ODMxMCwiaWF0IjoxNjY2NjQ4MjUwLCJpc3MiOiJodHRwczovL2NsZXJrLmluc3BpcmVkLnB1bWEtNzQubGNsLmRldiIsIm5iZiI6MTY2NjY0ODI0MCwic2lkIjoic2Vzc18yR2JEQjRlbk5kQ2E1dlMxenBDM1h6Zzl0SzkiLCJzdWIiOiJ1c2VyXzJHSXBYT0VwVnlKdzUxcmtabjlLbW5jNlN4ciJ9",
          "signature": "n1Usc-DLDftqA0Xb-_2w8IGs4yjCmwc5RngwbSRvwevuZOIuRoeHmE2sgCdEvjfJEa7ewL6EVGVcM557TWPW--g_J1XQPwBy8tXfz7-S73CEuyRFiR97L2AHRdvRtvGtwR-o6l8aHaFxtlmfWbQXfg4kFJz2UGe9afmh3U9-f_4JOZ5fa3mI98UMy1-bo20vjXeWQ9aGrqaxHQxjnzzC-1Kpi5LdPvhQ16H0dPB8MHRTSM5TAuLKTpPV7wqixmbtcc2-0k6b9FKYZNqRVTaIyV-lifZloBvdzlfOF8nW1VVH_fx-iW5Q3hovHFcJIULHEC1kcAYTubbxzpgeVQepGg",
        },
        "header": {
          "alg": "RS256",
          "kid": "ins_2GIoQhbUpy0hX7B2cVkuTMinXoD",
          "typ": "JWT",
        },
      },
      "pathRoot": "/client/sessions/session_1/tokens",
    },
  },
]
`;

exports[`Session getToken() dispatches token:update event on initilization with lastActiveToken 1`] = `
[
  "token:update",
  {
    "token": Token {
      "getRawString": [Function],
      "jwt": {
        "claims": {
          "__raw": "eyJhbGciOiJSUzI1NiIsImtpZCI6Imluc18yR0lvUWhiVXB5MGhYN0IyY1ZrdVRNaW5Yb0QiLCJ0eXAiOiJKV1QifQ.eyJhenAiOiJodHRwczovL2FjY291bnRzLmluc3BpcmVkLnB1bWEtNzQubGNsLmRldiIsImV4cCI6MTY2NjY0ODMxMCwiaWF0IjoxNjY2NjQ4MjUwLCJpc3MiOiJodHRwczovL2NsZXJrLmluc3BpcmVkLnB1bWEtNzQubGNsLmRldiIsIm5iZiI6MTY2NjY0ODI0MCwic2lkIjoic2Vzc18yR2JEQjRlbk5kQ2E1dlMxenBDM1h6Zzl0SzkiLCJzdWIiOiJ1c2VyXzJHSXBYT0VwVnlKdzUxcmtabjlLbW5jNlN4ciJ9.n1Usc-DLDftqA0Xb-_2w8IGs4yjCmwc5RngwbSRvwevuZOIuRoeHmE2sgCdEvjfJEa7ewL6EVGVcM557TWPW--g_J1XQPwBy8tXfz7-S73CEuyRFiR97L2AHRdvRtvGtwR-o6l8aHaFxtlmfWbQXfg4kFJz2UGe9afmh3U9-f_4JOZ5fa3mI98UMy1-bo20vjXeWQ9aGrqaxHQxjnzzC-1Kpi5LdPvhQ16H0dPB8MHRTSM5TAuLKTpPV7wqixmbtcc2-0k6b9FKYZNqRVTaIyV-lifZloBvdzlfOF8nW1VVH_fx-iW5Q3hovHFcJIULHEC1kcAYTubbxzpgeVQepGg",
          "azp": "https://accounts.inspired.puma-74.lcl.dev",
          "exp": 1666648310,
          "iat": 1666648250,
          "iss": "https://clerk.inspired.puma-74.lcl.dev",
          "nbf": 1666648240,
          "sid": "sess_2GbDB4enNdCa5vS1zpC3Xzg9tK9",
          "sub": "user_2GIpXOEpVyJw51rkZn9Kmnc6Sxr",
        },
        "encoded": {
          "header": "eyJhbGciOiJSUzI1NiIsImtpZCI6Imluc18yR0lvUWhiVXB5MGhYN0IyY1ZrdVRNaW5Yb0QiLCJ0eXAiOiJKV1QifQ",
          "payload": "eyJhenAiOiJodHRwczovL2FjY291bnRzLmluc3BpcmVkLnB1bWEtNzQubGNsLmRldiIsImV4cCI6MTY2NjY0ODMxMCwiaWF0IjoxNjY2NjQ4MjUwLCJpc3MiOiJodHRwczovL2NsZXJrLmluc3BpcmVkLnB1bWEtNzQubGNsLmRldiIsIm5iZiI6MTY2NjY0ODI0MCwic2lkIjoic2Vzc18yR2JEQjRlbk5kQ2E1dlMxenBDM1h6Zzl0SzkiLCJzdWIiOiJ1c2VyXzJHSXBYT0VwVnlKdzUxcmtabjlLbW5jNlN4ciJ9",
          "signature": "n1Usc-DLDftqA0Xb-_2w8IGs4yjCmwc5RngwbSRvwevuZOIuRoeHmE2sgCdEvjfJEa7ewL6EVGVcM557TWPW--g_J1XQPwBy8tXfz7-S73CEuyRFiR97L2AHRdvRtvGtwR-o6l8aHaFxtlmfWbQXfg4kFJz2UGe9afmh3U9-f_4JOZ5fa3mI98UMy1-bo20vjXeWQ9aGrqaxHQxjnzzC-1Kpi5LdPvhQ16H0dPB8MHRTSM5TAuLKTpPV7wqixmbtcc2-0k6b9FKYZNqRVTaIyV-lifZloBvdzlfOF8nW1VVH_fx-iW5Q3hovHFcJIULHEC1kcAYTubbxzpgeVQepGg",
        },
        "header": {
          "alg": "RS256",
          "kid": "ins_2GIoQhbUpy0hX7B2cVkuTMinXoD",
          "typ": "JWT",
        },
      },
      "pathRoot": "tokens",
    },
  },
]
`;
