// Jest Snapshot v1, https://goo.gl/fbAQLP

exports[`<Password/> renders the password form component 1`] = `
<form
  className="form"
  onReset={[Function]}
  onSubmit={[Function]}
>
  <fieldset>
    <div
      className="control"
    >
      <label
        className="label labelContainer"
        htmlFor="password"
      >
        <input
          autoFocus={true}
          className="input"
          id="password"
          name="password"
          onChange={[Function]}
          type="password"
          value="Pa$$word!3"
        />
        <span
          className="label"
        >
          Password
        </span>
      </label>
      <span
        className="error"
      />
    </div>
  </fieldset>
  <fieldset
    className="group"
    disabled={false}
  >
    <button
      className="button solid primary cl-sign-in-button"
      disabled={false}
      style={
        Object {
          "display": "flex",
        }
      }
    >
      Sign in
    </button>
  </fieldset>
</form>
`;
