// Jest Snapshot v1, https://goo.gl/fbAQLP

exports[`module exports should not change unless explicitly set 1`] = `
Object {
  "API_KEY": "TEST_API_KEY",
  "AllowlistIdentifier": [Function],
  "AuthErrorReason": Object {
    "CookieAndUATMissing": "cookie-and-uat-missing",
    "CookieEarly": "cookie-early",
    "CookieExpired": "cookie-expired",
    "CookieInvalid": "cookie-invalid",
    "CookieInvalidIssuer": "cookie-invalid-issuer",
    "CookieMissing": "cookie-missing",
    "CookieOutDated": "cookie-outdated",
    "CookieUnauthorizedParty": "cookie-unauthorized-party",
    "CookieVerificationFailed": "cookie-verification-failed",
    "CrossOriginReferrer": "cross-origin-referrer",
    "HeaderEarly": "header-early",
    "HeaderExpired": "header-expired",
    "HeaderInvalid": "header-invalid",
    "HeaderInvalidIssuer": "header-invalid-issuer",
    "HeaderMissingCORS": "header-missing-cors",
    "HeaderMissingNonBrowser": "header-missing-non-browser",
    "HeaderUnauthorizedParty": "header-unauthorized-party",
    "HeaderVerificationFailed": "header-verification-failed",
    "InlineKeyInvalid": "inline-key-invalid",
    "InlineKeyMissing": "inline-key-missing",
    "InternalError": "internal-error",
    "PublicKeyFetchError": "pk-fetch-error",
    "StandardOut": "standard-out",
    "UATMissing": "uat-missing",
    "Unknown": "unknown",
  },
  "AuthStatus": Object {
    "Interstitial": "Interstitial",
    "SignedIn": "Signed in",
    "SignedOut": "Signed out",
  },
  "Base": [Function],
  "ClerkAPIResponseError": [Function],
  "ClerkBackendAPI": [Function],
  "Client": [Function],
  "Email": [Function],
  "EmailAddress": [Function],
  "ExternalAccount": [Function],
  "IdentificationLink": [Function],
  "Invitation": [Function],
  "Logger": [Function],
  "ObjectType": Object {
    "AllowlistIdentifier": "allowlist_identifier",
    "Client": "client",
    "Email": "email",
    "EmailAddress": "email_address",
    "ExternalAccount": "external_account",
    "FacebookAccount": "facebook_account",
    "GoogleAccount": "google_account",
    "Invitation": "invitation",
    "Organization": "organization",
    "OrganizationInvitation": "organization_invitation",
    "OrganizationMembership": "organization_membership",
    "PhoneNumber": "phone_number",
    "RedirectUrl": "redirect_url",
    "Session": "session",
    "SignInAttempt": "sign_in_attempt",
    "SignInToken": "sign_in_token",
    "SignUpAttempt": "sign_up_attempt",
    "SmsMessage": "sms_message",
    "Token": "token",
    "TotalCount": "total_count",
    "User": "user",
    "Web3Wallet": "web3_wallet",
  },
  "Organization": [Function],
  "OrganizationInvitation": [Function],
  "OrganizationMembership": [Function],
  "OrganizationMembershipPublicUserData": [Function],
  "PhoneNumber": [Function],
  "RedirectUrl": [Function],
  "SMSMessage": [Function],
  "Session": [Function],
  "SignInToken": [Function],
  "Token": [Function],
  "User": [Function],
  "Verification": [Function],
  "createGetToken": [Function],
  "createSignedOutState": [Function],
  "deserialize": [Function],
}
`;
