// Jest Snapshot v1, https://goo.gl/fbAQLP

exports[`<BackButton/> renders the header component 1`] = `
<a
  aria-label="Back Button"
  className="cl-back-button qux"
  onClick={[Function]}
>
  <svg
    data-filename="../shared/assets/icons/arrow-left.svg"
  />
</a>
`;
