// Jest Snapshot v1, https://goo.gl/fbAQLP

exports[`<LoadingScreen/> renders the loading page 1`] = `
Array [
  <div
    className="cl-auth-form-header"
    style={Object {}}
  >
    <a
      aria-label="Back Button"
      className="cl-back-button cl-back-button-absolute"
      onClick={[Function]}
    >
      <svg
        data-filename="../shared/assets/icons/arrow-left.svg"
      />
    </a>
    <div
      className="cl-auth-form-header-logo"
    >
      <div
        className="cl-logo"
      />
    </div>
  </div>,
  <div
    className="cl-auth-form-body"
  >
    <div
      className="cl-auth-form-spinner"
    >
      <div
        className="spinner"
      />
    </div>
  </div>,
]
`;
