// Jest Snapshot v1, https://goo.gl/fbAQLP

exports[`<Menu/> renders the menu options 1`] = `
<ul
  className="menu foo"
  role="menu"
>
  <li
    className="menuItem"
    onClick={[Function]}
    role="menuitem"
    tabIndex={0}
  >
    <div
      className="iconContainer"
    >
      <svg
        data-filename="assets/icons/server.svg"
      />
    </div>
    <div>
      Foo
    </div>
  </li>
  <li
    className="menuItem"
    onClick={[Function]}
    role="menuitem"
    tabIndex={0}
  >
    <div>
      Bar
    </div>
  </li>
</ul>
`;
