// Jest Snapshot v1, https://goo.gl/fbAQLP

exports[`/client public exports should not include a breaking change 1`] = `
{
  "ClerkProvider": [Function],
}
`;
