// Jest Snapshot v1, https://goo.gl/fbAQLP

exports[`clerk initializes clerk with constants 1`] = `
[
  [
    {
      "apiUrl": "https://api.clerk.dev",
      "apiVersion": "v1",
      "jwtKey": "",
      "secretKey": "TEST_API_KEY",
    },
  ],
]
`;
