// Jest Snapshot v1, https://goo.gl/fbAQLP

exports[`@clerk/fastify clerkPlugin() polyfills reply with server response methods 1`] = `
[MockFunction] {
  "calls": [
    [
      "setHeader",
      [Function],
    ],
    [
      "writeHead",
      [Function],
    ],
    [
      "end",
      [Function],
    ],
  ],
  "results": [
    {
      "type": "return",
      "value": undefined,
    },
    {
      "type": "return",
      "value": undefined,
    },
    {
      "type": "return",
      "value": undefined,
    },
  ],
}
`;

exports[`@clerk/fastify exports clerkPlugin, getAuth 1`] = `
{
  "clerkClient": {
    "__unstable_options": {
      "apiUrl": "https://api.clerk.dev",
      "apiVersion": "v1",
      "jwtKey": "",
      "secretKey": "TEST_API_KEY",
    },
    "allowlistIdentifiers": de {
      "request": [Function],
    },
    "authenticateRequest": [Function],
    "clients": ce {
      "request": [Function],
    },
    "debugRequestState": [Function],
    "emailAddresses": me {
      "request": [Function],
    },
    "emails": ge {
      "request": [Function],
    },
    "interstitial": fe {
      "request": [Function],
    },
    "invitations": ye {
      "request": [Function],
    },
    "localInterstitial": [Function],
    "organizations": he {
      "request": [Function],
    },
    "phoneNumbers": Se {
      "request": [Function],
    },
    "redirectUrls": ke {
      "request": [Function],
    },
    "remotePrivateInterstitial": [Function],
    "remotePublicInterstitial": [Function],
    "remotePublicInterstitialUrl": [Function],
    "sessions": _e {
      "getSession": [Function],
      "getSessionList": [Function],
      "getToken": [Function],
      "request": [Function],
      "revokeSession": [Function],
      "verifySession": [Function],
    },
    "signInTokens": Ie {
      "request": [Function],
    },
    "smsMessages": Ae {
      "request": [Function],
    },
    "users": we {
      "request": [Function],
    },
  },
  "clerkPlugin": [Function],
  "createClerkClient": [Function],
  "getAuth": [Function],
}
`;

exports[`@clerk/fastify getAuth(req) throws error if clerkPlugin is on registered 1`] = `
"ðŸ”’ Clerk: The "clerkPlugin" should be registered before using the "getAuth".
Example:

import { clerkPlugin } from '@clerk/fastify';

const server: FastifyInstance = Fastify({ logger: true });
server.register(clerkPlugin);

For more info, check out the docs: https://clerk.dev/docs,
or come say hi in our discord server: https://rebrand.ly/clerk-discord
"
`;
