// Jest Snapshot v1, https://goo.gl/fbAQLP

exports[`public exports should not include a breaking change 1`] = `
[
  "AuthenticateWithRedirectCallback",
  "ClerkLoaded",
  "ClerkLoading",
  "ClerkProvider",
  "CreateOrganization",
  "MagicLinkErrorCode",
  "MultisessionAppSupport",
  "OrganizationProfile",
  "OrganizationSwitcher",
  "RedirectToCreateOrganization",
  "RedirectToOrganizationProfile",
  "RedirectToSignIn",
  "RedirectToSignUp",
  "RedirectToUserProfile",
  "SignIn",
  "SignInButton",
  "SignInWithMetamaskButton",
  "SignOutButton",
  "SignUp",
  "SignUpButton",
  "SignedIn",
  "SignedOut",
  "UserButton",
  "UserProfile",
  "WithClerk",
  "WithSession",
  "WithUser",
  "__internal__setErrorThrowerOptions",
  "isClerkAPIResponseError",
  "isKnownError",
  "isMagicLinkError",
  "isMetamaskError",
  "useAuth",
  "useClerk",
  "useMagicLink",
  "useOrganization",
  "useOrganizationList",
  "useOrganizations",
  "useSession",
  "useSessionList",
  "useSignIn",
  "useSignUp",
  "useUser",
  "withClerk",
  "withSession",
  "withUser",
]
`;
