// Jest Snapshot v1, https://goo.gl/fbAQLP

exports[`<Username/> renders the Username 1`] = `
Array [
  <div
    className="cl-page-heading"
  >
    <a
      aria-label="Back Button"
      className="cl-back-button cl-back-button"
      onClick={[Function]}
    >
      <svg
        data-filename="../shared/assets/icons/arrow-left.svg"
      />
    </a>
    <div
      className="cl-text-container"
    >
      <h2
        className="heading h2 cl-title"
      >
        Username
      </h2>
      <p
        className="cl-subtitle"
      >
        Edit your username
      </p>
    </div>
  </div>,
  <div
    className="card card cl-themed-card cl-editable-field"
  >
    <form
      className="form"
      onReset={[Function]}
      onSubmit={[Function]}
    >
      <fieldset>
        <div
          className="control"
        >
          <label
            className="label labelContainer"
            htmlFor="username_input"
          >
            <input
              autoComplete="off"
              autoFocus={true}
              className="input"
              id="username_input"
              maxLength={255}
              minLength={1}
              name="username_input"
              onChange={[Function]}
              required={true}
              type="text"
              value="John"
            />
            <span
              className="label"
            >
              Username
            </span>
          </label>
          <span
            className="error"
          />
        </div>
      </fieldset>
      <fieldset
        className="group cl-form-button-group reversed"
        disabled={false}
      >
        <button
          className="button solid primary"
          disabled={false}
          style={
            Object {
              "display": "flex",
            }
          }
        >
          Save
        </button>
        <button
          className="button text primary"
          type="reset"
        >
          Cancel
        </button>
      </fieldset>
    </form>
  </div>,
]
`;
