// Jest Snapshot v1, https://goo.gl/fbAQLP

exports[`public exports should not include a breaking change 1`] = `
[
  "AuthenticateWithRedirectCallback",
  "ClerkLoaded",
  "ClerkLoading",
  "ClerkProvider",
  "CreateOrganization",
  "GoogleOneTap",
  "OrganizationList",
  "OrganizationProfile",
  "OrganizationSwitcher",
  "Protect",
  "RedirectToCreateOrganization",
  "RedirectToOrganizationProfile",
  "RedirectToSignIn",
  "RedirectToSignUp",
  "RedirectToUserProfile",
  "SignIn",
  "SignInButton",
  "SignInWithMetamaskButton",
  "SignOutButton",
  "SignUp",
  "SignUpButton",
  "SignedIn",
  "SignedOut",
  "UserButton",
  "UserProfile",
  "useAuth",
  "useClerk",
  "useEmailLink",
  "useOrganization",
  "useOrganizationList",
  "useSession",
  "useSessionList",
  "useSignIn",
  "useSignUp",
  "useUser",
]
`;
