// Jest Snapshot v1, https://goo.gl/fbAQLP

exports[`className with cn 1`] = `
"const Button: React.FC<ButtonProps> = ({ children, intent, className }) => {
    return <button className={cn({ danger: "cl-5a7355a7", 'success': "cl-c14c13cf" }[intent])}>{children}</button>;
  }"
`;
