// Jest Snapshot v1, https://goo.gl/fbAQLP

exports[`cva 1`] = `
"const button = cva({
      base: "cl-7e77acd4",
      variants: {
        intent: {
          primary: [
            "cl-44eeb93b",
            "cl-5e9a40ae",
            "cl-e9c0d2f3",
            "cl-d8b3f644",
          ],
          secondary: "cl-6537e500",
        },
        size: {
          small: "cl-716a7c80",
          medium: "cl-3f348faf",
        },
      },
      compoundVariants: [
        {
          intent: "primary",
          size: "medium",
          className: "cl-d2cf63c7"
        },
      ],
      defaultVariants: {
        intent: "primary",
        size: "medium",
      },
    });
    
    const Button: React.FC<ButtonProps> = ({ children, intent, size = 'sm', className }) => {
      return <button className={button({ intent: 'primary', size, className: ["cl-5e9a40ae", className] })}>{children}</button>;
    }
    
    const ButtonLink: React.FC<LinkProps> = ({ children, intent, size, className }) => {
      return <a className={button({ intent, size: 'sm', className })}>{children}</a>
    }"
`;
