// Vitest Snapshot v1, https://vitest.dev/guide/snapshot.html

exports[`AuthConfig > should match snapshot 1`] = `
{
  "claimed_at": 1672531200000,
  "object": "auth_config",
  "preferred_channels": null,
  "reverification": true,
  "single_session_mode": true,
}
`;
