// Jest Snapshot v1, https://goo.gl/fbAQLP

exports[`Client Singleton has the same initial properties 1`] = `
Client {
  "cookieExpiresAt": null,
  "createdAt": 2024-12-11T13:42:26.843Z,
  "id": "client_DUMMY_ID",
  "lastActiveSessionId": null,
  "pathRoot": "/client",
  "sessions": [],
  "signIn": SignIn {
    "attemptFirstFactor": [Function],
    "attemptSecondFactor": [Function],
    "authenticateWithCoinbaseWallet": [Function],
    "authenticateWithMetamask": [Function],
    "authenticateWithOKXWallet": [Function],
    "authenticateWithPasskey": [Function],
    "authenticateWithRedirect": [Function],
    "authenticateWithWeb3": [Function],
    "create": [Function],
    "createEmailLinkFlow": [Function],
    "createdSessionId": null,
    "firstFactorVerification": Verification {
      "attempts": null,
      "error": {
        "code": "",
        "longMessage": undefined,
        "message": "",
        "meta": {
          "emailAddresses": undefined,
          "identifiers": undefined,
          "paramName": undefined,
          "sessionId": undefined,
          "zxcvbn": undefined,
        },
      },
      "expireAt": 2024-12-11T13:42:26.849Z,
      "externalVerificationRedirectURL": null,
      "message": null,
      "nonce": null,
      "pathRoot": "",
      "status": null,
      "strategy": null,
      "verifiedAtClient": null,
      "verifiedFromTheSameClient": [Function],
    },
    "id": "",
    "identifier": null,
    "pathRoot": "/client/sign_ins",
    "prepareFirstFactor": [Function],
    "prepareSecondFactor": [Function],
    "resetPassword": [Function],
    "secondFactorVerification": Verification {
      "attempts": null,
      "error": {
        "code": "",
        "longMessage": undefined,
        "message": "",
        "meta": {
          "emailAddresses": undefined,
          "identifiers": undefined,
          "paramName": undefined,
          "sessionId": undefined,
          "zxcvbn": undefined,
        },
      },
      "expireAt": 2024-12-11T13:42:26.849Z,
      "externalVerificationRedirectURL": null,
      "message": null,
      "nonce": null,
      "pathRoot": "",
      "status": null,
      "strategy": null,
      "verifiedAtClient": null,
      "verifiedFromTheSameClient": [Function],
    },
    "status": null,
    "supportedFirstFactors": [],
    "supportedIdentifiers": [],
    "supportedSecondFactors": null,
    "userData": UserData {
      "firstName": undefined,
      "hasImage": undefined,
      "imageUrl": undefined,
      "lastName": undefined,
    },
    "validatePassword": [Function],
  },
  "signUp": SignUp {
    "abandonAt": null,
    "attemptEmailAddressVerification": [Function],
    "attemptPhoneNumberVerification": [Function],
    "attemptVerification": [Function],
    "attemptWeb3WalletVerification": [Function],
    "authenticateWithCoinbaseWallet": [Function],
    "authenticateWithMetamask": [Function],
    "authenticateWithOKXWallet": [Function],
    "authenticateWithRedirect": [Function],
    "authenticateWithWeb3": [Function],
    "create": [Function],
    "createEmailLinkFlow": [Function],
    "createdSessionId": null,
    "createdUserId": null,
    "emailAddress": null,
    "firstName": null,
    "hasPassword": false,
    "id": "",
    "lastName": null,
    "legalAcceptedAt": null,
    "missingFields": [],
    "optionalFields": [],
    "pathRoot": "/client/sign_ups",
    "phoneNumber": null,
    "prepareEmailAddressVerification": [Function],
    "preparePhoneNumberVerification": [Function],
    "prepareVerification": [Function],
    "prepareWeb3WalletVerification": [Function],
    "requiredFields": [],
    "status": null,
    "unsafeMetadata": {},
    "unverifiedFields": [],
    "update": [Function],
    "username": null,
    "validatePassword": [Function],
    "verifications": SignUpVerifications {
      "emailAddress": SignUpVerification {
        "attempts": null,
        "error": {
          "code": "",
          "longMessage": undefined,
          "message": "",
          "meta": {
            "emailAddresses": undefined,
            "identifiers": undefined,
            "paramName": undefined,
            "sessionId": undefined,
            "zxcvbn": undefined,
          },
        },
        "expireAt": 2024-12-11T13:42:26.849Z,
        "externalVerificationRedirectURL": null,
        "message": null,
        "nextAction": "",
        "nonce": null,
        "pathRoot": "",
        "status": null,
        "strategy": null,
        "supportedStrategies": [],
        "verifiedAtClient": null,
        "verifiedFromTheSameClient": [Function],
      },
      "externalAccount": Verification {
        "attempts": null,
        "error": {
          "code": "",
          "longMessage": undefined,
          "message": "",
          "meta": {
            "emailAddresses": undefined,
            "identifiers": undefined,
            "paramName": undefined,
            "sessionId": undefined,
            "zxcvbn": undefined,
          },
        },
        "expireAt": 2024-12-11T13:42:26.849Z,
        "externalVerificationRedirectURL": null,
        "message": null,
        "nonce": null,
        "pathRoot": "",
        "status": null,
        "strategy": null,
        "verifiedAtClient": null,
        "verifiedFromTheSameClient": [Function],
      },
      "phoneNumber": SignUpVerification {
        "attempts": null,
        "error": {
          "code": "",
          "longMessage": undefined,
          "message": "",
          "meta": {
            "emailAddresses": undefined,
            "identifiers": undefined,
            "paramName": undefined,
            "sessionId": undefined,
            "zxcvbn": undefined,
          },
        },
        "expireAt": 2024-12-11T13:42:26.849Z,
        "externalVerificationRedirectURL": null,
        "message": null,
        "nextAction": "",
        "nonce": null,
        "pathRoot": "",
        "status": null,
        "strategy": null,
        "supportedStrategies": [],
        "verifiedAtClient": null,
        "verifiedFromTheSameClient": [Function],
      },
      "web3Wallet": SignUpVerification {
        "attempts": null,
        "error": {
          "code": "",
          "longMessage": undefined,
          "message": "",
          "meta": {
            "emailAddresses": undefined,
            "identifiers": undefined,
            "paramName": undefined,
            "sessionId": undefined,
            "zxcvbn": undefined,
          },
        },
        "expireAt": 2024-12-11T13:42:26.849Z,
        "externalVerificationRedirectURL": null,
        "message": null,
        "nextAction": "",
        "nonce": null,
        "pathRoot": "",
        "status": null,
        "strategy": null,
        "supportedStrategies": [],
        "verifiedAtClient": null,
        "verifiedFromTheSameClient": [Function],
      },
    },
    "web3wallet": null,
  },
  "updatedAt": 2024-12-11T13:42:26.843Z,
}
`;

exports[`Client Singleton __internal_toSnapshot() 1`] = `
{
  "cookie_expires_at": null,
  "created_at": 1733924546843,
  "id": "client_DUMMY_ID",
  "last_active_session_id": null,
  "object": "client",
  "sessions": [],
  "sign_in": {
    "created_session_id": null,
    "first_factor_verification": {
      "attempts": null,
      "error": {
        "code": "",
        "long_message": undefined,
        "message": "",
        "meta": {
          "email_addresses": undefined,
          "identifiers": undefined,
          "param_name": undefined,
          "session_id": undefined,
          "zxcvbn": undefined,
        },
      },
      "expire_at": 1733924546849,
      "external_verification_redirect_url": null,
      "id": "",
      "message": null,
      "nonce": null,
      "object": "verification",
      "status": null,
      "strategy": null,
      "verified_at_client": null,
    },
    "id": "",
    "identifier": null,
    "object": "sign_in",
    "second_factor_verification": {
      "attempts": null,
      "error": {
        "code": "",
        "long_message": undefined,
        "message": "",
        "meta": {
          "email_addresses": undefined,
          "identifiers": undefined,
          "param_name": undefined,
          "session_id": undefined,
          "zxcvbn": undefined,
        },
      },
      "expire_at": 1733924546849,
      "external_verification_redirect_url": null,
      "id": "",
      "message": null,
      "nonce": null,
      "object": "verification",
      "status": null,
      "strategy": null,
      "verified_at_client": null,
    },
    "status": null,
    "supported_first_factors": [],
    "supported_identifiers": [],
    "supported_second_factors": null,
    "user_data": {
      "first_name": undefined,
      "has_image": null,
      "image_url": null,
      "last_name": undefined,
    },
  },
  "sign_up": {
    "abandon_at": null,
    "created_session_id": null,
    "created_user_id": null,
    "email_address": null,
    "external_account": undefined,
    "external_account_strategy": undefined,
    "first_name": null,
    "has_password": false,
    "id": "",
    "last_name": null,
    "legal_accepted_at": null,
    "missing_fields": [],
    "object": "sign_up",
    "optional_fields": [],
    "phone_number": null,
    "required_fields": [],
    "status": null,
    "unsafe_metadata": {},
    "unverified_fields": [],
    "username": null,
    "verifications": {
      "email_address": {
        "attempts": null,
        "error": {
          "code": "",
          "long_message": undefined,
          "message": "",
          "meta": {
            "email_addresses": undefined,
            "identifiers": undefined,
            "param_name": undefined,
            "session_id": undefined,
            "zxcvbn": undefined,
          },
        },
        "expire_at": 1733924546849,
        "external_verification_redirect_url": null,
        "id": "",
        "message": null,
        "next_action": "",
        "nonce": null,
        "object": "verification",
        "status": null,
        "strategy": null,
        "supported_strategies": [],
        "verified_at_client": null,
      },
      "external_account": {
        "attempts": null,
        "error": {
          "code": "",
          "long_message": undefined,
          "message": "",
          "meta": {
            "email_addresses": undefined,
            "identifiers": undefined,
            "param_name": undefined,
            "session_id": undefined,
            "zxcvbn": undefined,
          },
        },
        "expire_at": 1733924546849,
        "external_verification_redirect_url": null,
        "id": "",
        "message": null,
        "nonce": null,
        "object": "verification",
        "status": null,
        "strategy": null,
        "verified_at_client": null,
      },
      "phone_number": {
        "attempts": null,
        "error": {
          "code": "",
          "long_message": undefined,
          "message": "",
          "meta": {
            "email_addresses": undefined,
            "identifiers": undefined,
            "param_name": undefined,
            "session_id": undefined,
            "zxcvbn": undefined,
          },
        },
        "expire_at": 1733924546849,
        "external_verification_redirect_url": null,
        "id": "",
        "message": null,
        "next_action": "",
        "nonce": null,
        "object": "verification",
        "status": null,
        "strategy": null,
        "supported_strategies": [],
        "verified_at_client": null,
      },
      "web3_wallet": {
        "attempts": null,
        "error": {
          "code": "",
          "long_message": undefined,
          "message": "",
          "meta": {
            "email_addresses": undefined,
            "identifiers": undefined,
            "param_name": undefined,
            "session_id": undefined,
            "zxcvbn": undefined,
          },
        },
        "expire_at": 1733924546849,
        "external_verification_redirect_url": null,
        "id": "",
        "message": null,
        "next_action": "",
        "nonce": null,
        "object": "verification",
        "status": null,
        "strategy": null,
        "supported_strategies": [],
        "verified_at_client": null,
      },
    },
    "web3_wallet": null,
  },
  "status": null,
  "updated_at": 1733924546843,
}
`;
