// Jest Snapshot v1, https://goo.gl/fbAQLP

exports[`PublicUserData JSON.stringify returns the same object structure 1`] = `"{"firstName":"John","lastName":"Doe","imageUrl":"https://example.com/image.jpg","hasImage":true,"identifier":"john-doe","userId":"123"}"`;
