// Jest Snapshot v1, https://goo.gl/fbAQLP

exports[`UserSettings defaults values when instantiated with no arguments 1`] = `
UserSettings {
  "actions": {
    "create_organization": false,
    "delete_self": false,
  },
  "attributes": {
    "authenticator_app": {
      "enabled": false,
      "first_factors": [],
      "name": "authenticator_app",
      "required": false,
      "second_factors": [],
      "used_for_first_factor": false,
      "used_for_second_factor": false,
      "verifications": [],
      "verify_at_sign_up": false,
    },
    "backup_code": {
      "enabled": false,
      "first_factors": [],
      "name": "backup_code",
      "required": false,
      "second_factors": [],
      "used_for_first_factor": false,
      "used_for_second_factor": false,
      "verifications": [],
      "verify_at_sign_up": false,
    },
    "email_address": {
      "enabled": true,
      "first_factors": [
        "email_code",
      ],
      "name": "email_address",
      "required": true,
      "second_factors": [],
      "used_for_first_factor": true,
      "used_for_second_factor": false,
      "verifications": [
        "email_code",
      ],
      "verify_at_sign_up": true,
    },
    "first_name": {
      "enabled": false,
      "first_factors": [],
      "name": "first_name",
      "required": false,
      "second_factors": [],
      "used_for_first_factor": false,
      "used_for_second_factor": false,
      "verifications": [],
      "verify_at_sign_up": false,
    },
    "last_name": {
      "enabled": false,
      "first_factors": [],
      "name": "last_name",
      "required": false,
      "second_factors": [],
      "used_for_first_factor": false,
      "used_for_second_factor": false,
      "verifications": [],
      "verify_at_sign_up": false,
    },
    "passkey": {
      "enabled": false,
      "first_factors": [],
      "name": "passkey",
      "required": false,
      "second_factors": [],
      "used_for_first_factor": false,
      "used_for_second_factor": false,
      "verifications": [],
      "verify_at_sign_up": false,
    },
    "password": {
      "enabled": true,
      "first_factors": [],
      "name": "password",
      "required": true,
      "second_factors": [],
      "used_for_first_factor": false,
      "used_for_second_factor": false,
      "verifications": [],
      "verify_at_sign_up": false,
    },
    "phone_number": {
      "enabled": false,
      "first_factors": [],
      "name": "phone_number",
      "required": false,
      "second_factors": [],
      "used_for_first_factor": false,
      "used_for_second_factor": false,
      "verifications": [],
      "verify_at_sign_up": false,
    },
    "username": {
      "enabled": false,
      "first_factors": [],
      "name": "username",
      "required": false,
      "second_factors": [],
      "used_for_first_factor": false,
      "used_for_second_factor": false,
      "verifications": [],
      "verify_at_sign_up": false,
    },
    "web3_wallet": {
      "enabled": false,
      "first_factors": [],
      "name": "web3_wallet",
      "required": false,
      "second_factors": [],
      "used_for_first_factor": false,
      "used_for_second_factor": false,
      "verifications": [],
      "verify_at_sign_up": false,
    },
  },
  "enterpriseSSO": {
    "enabled": false,
  },
  "id": undefined,
  "passkeySettings": {
    "allow_autofill": false,
    "show_sign_in_button": false,
  },
  "passwordSettings": {},
  "pathRoot": "",
  "saml": {
    "enabled": false,
  },
  "signIn": {
    "second_factor": {
      "enabled": false,
      "required": false,
    },
  },
  "signUp": {
    "allowlist_only": false,
    "captcha_enabled": false,
    "legal_consent_enabled": false,
    "mode": "public",
    "progressive": true,
  },
  "social": {},
  "usernameSettings": {},
}
`;
